// Vitest Snapshot v1, https://vitest.dev/guide/snapshot.html

exports[`Demo Page > should match snapshot 1`] = `
<div
  class="flex gap-4 items-center flex-col sm:flex-row h-screen w-screen justify-center"
>
  <a
    class="rounded-full border border-solid border-transparent transition-colors flex items-center justify-center bg-foreground text-background gap-2 hover:bg-[#383838] dark:hover:bg-[#ccc] font-medium text-sm sm:text-base h-10 sm:h-12 px-4 sm:px-5 sm:w-auto"
    href="/"
  >
    Home
  </a>
  <a
    class="rounded-full border border-solid border-transparent transition-colors flex items-center justify-center bg-foreground text-background gap-2 hover:bg-[#383838] dark:hover:bg-[#ccc] font-medium text-sm sm:text-base h-10 sm:h-12 px-4 sm:px-5 sm:w-auto"
    href="/demos/first-choice"
  >
    First Choice Votes Chart
  </a>
  <a
    class="rounded-full border border-solid border-transparent transition-colors flex items-center justify-center bg-foreground text-background gap-2 hover:bg-[#383838] dark:hover:bg-[#ccc] font-medium text-sm sm:text-base h-10 sm:h-12 px-4 sm:px-5 sm:w-auto"
    href="/demos/stv-rounds"
  >
    Animated Round-by-round Election Data
  </a>
</div>
`;
