// Vitest Snapshot v1, https://vitest.dev/guide/snapshot.html

exports[`FirstChoiceDemoPage > should match snapshot 1`] = `
<div
  class="container mx-auto py-8 px-4"
>
  <div
    class="max-w-6xl mx-auto"
  >
    <div
      class="mb-8"
    >
      <h1
        class="text-3xl font-bold"
      >
        First Choice Breakdown Demo
      </h1>
      <p
        class="text-gray-600 mt-2"
      >
        Loading first-choice vote breakdown visualization...
      </p>
    </div>
    <div
      class="flex items-center justify-center py-12"
    >
      <div
        class="animate-spin rounded-full h-8 w-8 border-b-2 border-blue-600"
      />
    </div>
  </div>
</div>
`;
