"RowNumber","BoxID","BoxPosition","BallotID","PrecinctID","BallotStyleID","PrecinctStyleName","ScanComputerName","Status","Remade","Choice_36_1:City of Portland, Councilor, District 2:1:Number of Winners 3:Sameer Kanal:NON","Choice_36_1:City of Portland, Councilor, District 2:2:Number of Winners 3:Sameer Kanal:NON","Choice_36_1:City of Portland, Councilor, District 2:3:Number of Winners 3:Sameer Kanal:NON","Choice_36_1:City of Portland, Councilor, District 2:4:Number of Winners 3:Sameer Kanal:NON","Choice_36_1:City of Portland, Councilor, District 2:5:Number of Winners 3:Sameer Kanal:NON","Choice_36_1:City of Portland, Councilor, District 2:6:Number of Winners 3:Sameer Kanal:NON","Choice_37_1:City of Portland, Councilor, District 2:1:Number of Winners 3:Debbie Kitchin:NON","Choice_37_1:City of Portland, Councilor, District 2:2:Number of Winners 3:Debbie Kitchin:NON","Choice_37_1:City of Portland, Councilor, District 2:3:Number of Winners 3:Debbie Kitchin:NON","Choice_37_1:City of Portland, Councilor, District 2:4:Number of Winners 3:Debbie Kitchin:NON","Choice_37_1:City of Portland, Councilor, District 2:5:Number of Winners 3:Debbie Kitchin:NON","Choice_37_1:City of Portland, Councilor, District 2:6:Number of Winners 3:Debbie Kitchin:NON","Choice_38_1:City of Portland, Councilor, District 2:1:Number of Winners 3:Nat West:NON","Choice_38_1:City of Portland, Councilor, District 2:2:Number of Winners 3:Nat West:NON","Choice_38_1:City of Portland, Councilor, District 2:3:Number of Winners 3:Nat West:NON","Choice_38_1:City of Portland, Councilor, District 2:4:Number of Winners 3:Nat West:NON","Choice_38_1:City of Portland, Councilor, District 2:5:Number of Winners 3:Nat West:NON","Choice_38_1:City of Portland, Councilor, District 2:6:Number of Winners 3:Nat West:NON","Choice_39_1:City of Portland, Councilor, District 2:1:Number of Winners 3:Reuben Berlin:NON","Choice_39_1:City of Portland, Councilor, District 2:2:Number of Winners 3:Reuben Berlin:NON","Choice_39_1:City of Portland, Councilor, District 2:3:Number of Winners 3:Reuben Berlin:NON","Choice_39_1:City of Portland, Councilor, District 2:4:Number of Winners 3:Reuben Berlin:NON","Choice_39_1:City of Portland, Councilor, District 2:5:Number of Winners 3:Reuben Berlin:NON","Choice_39_1:City of Portland, Councilor, District 2:6:Number of Winners 3:Reuben Berlin:NON","Choice_40_1:City of Portland, Councilor, District 2:1:Number of Winners 3:Chris Olson:NON","Choice_40_1:City of Portland, Councilor, District 2:2:Number of Winners 3:Chris Olson:NON","Choice_40_1:City of Portland, Councilor, District 2:3:Number of Winners 3:Chris Olson:NON","Choice_40_1:City of Portland, Councilor, District 2:4:Number of Winners 3:Chris Olson:NON","Choice_40_1:City of Portland, Councilor, District 2:5:Number of Winners 3:Chris Olson:NON","Choice_40_1:City of Portland, Councilor, District 2:6:Number of Winners 3:Chris Olson:NON","Choice_41_1:City of Portland, Councilor, District 2:1:Number of Winners 3:Marnie Glickman:NON","Choice_41_1:City of Portland, Councilor, District 2:2:Number of Winners 3:Marnie Glickman:NON","Choice_41_1:City of Portland, Councilor, District 2:3:Number of Winners 3:Marnie Glickman:NON","Choice_41_1:City of Portland, Councilor, District 2:4:Number of Winners 3:Marnie Glickman:NON","Choice_41_1:City of Portland, Councilor, District 2:5:Number of Winners 3:Marnie Glickman:NON","Choice_41_1:City of Portland, Councilor, District 2:6:Number of Winners 3:Marnie Glickman:NON","Choice_42_1:City of Portland, Councilor, District 2:1:Number of Winners 3:James Armstrong:NON","Choice_42_1:City of Portland, Councilor, District 2:2:Number of Winners 3:James Armstrong:NON","Choice_42_1:City of Portland, Councilor, District 2:3:Number of Winners 3:James Armstrong:NON","Choice_42_1:City of Portland, Councilor, District 2:4:Number of Winners 3:James Armstrong:NON","Choice_42_1:City of Portland, Councilor, District 2:5:Number of Winners 3:James Armstrong:NON","Choice_42_1:City of Portland, Councilor, District 2:6:Number of Winners 3:James Armstrong:NON","Choice_43_1:City of Portland, Councilor, District 2:1:Number of Winners 3:Tiffani Penson:NON","Choice_43_1:City of Portland, Councilor, District 2:2:Number of Winners 3:Tiffani Penson:NON","Choice_43_1:City of Portland, Councilor, District 2:3:Number of Winners 3:Tiffani Penson:NON","Choice_43_1:City of Portland, Councilor, District 2:4:Number of Winners 3:Tiffani Penson:NON","Choice_43_1:City of Portland, Councilor, District 2:5:Number of Winners 3:Tiffani Penson:NON","Choice_43_1:City of Portland, Councilor, District 2:6:Number of Winners 3:Tiffani Penson:NON","Choice_44_1:City of Portland, Councilor, District 2:1:Number of Winners 3:Antonio Jamal PettyJohnBlue:NON","Choice_44_1:City of Portland, Councilor, District 2:2:Number of Winners 3:Antonio Jamal PettyJohnBlue:NON","Choice_44_1:City of Portland, Councilor, District 2:3:Number of Winners 3:Antonio Jamal PettyJohnBlue:NON","Choice_44_1:City of Portland, Councilor, District 2:4:Number of Winners 3:Antonio Jamal PettyJohnBlue:NON","Choice_44_1:City of Portland, Councilor, District 2:5:Number of Winners 3:Antonio Jamal PettyJohnBlue:NON","Choice_44_1:City of Portland, Councilor, District 2:6:Number of Winners 3:Antonio Jamal PettyJohnBlue:NON","Choice_45_1:City of Portland, Councilor, District 2:1:Number of Winners 3:Jennifer Park:NON","Choice_45_1:City of Portland, Councilor, District 2:2:Number of Winners 3:Jennifer Park:NON","Choice_45_1:City of Portland, Councilor, District 2:3:Number of Winners 3:Jennifer Park:NON","Choice_45_1:City of Portland, Councilor, District 2:4:Number of Winners 3:Jennifer Park:NON","Choice_45_1:City of Portland, Councilor, District 2:5:Number of Winners 3:Jennifer Park:NON","Choice_45_1:City of Portland, Councilor, District 2:6:Number of Winners 3:Jennifer Park:NON","Choice_46_1:City of Portland, Councilor, District 2:1:Number of Winners 3:Elana Pirtle-Guiney:NON","Choice_46_1:City of Portland, Councilor, District 2:2:Number of Winners 3:Elana Pirtle-Guiney:NON","Choice_46_1:City of Portland, Councilor, District 2:3:Number of Winners 3:Elana Pirtle-Guiney:NON","Choice_46_1:City of Portland, Councilor, District 2:4:Number of Winners 3:Elana Pirtle-Guiney:NON","Choice_46_1:City of Portland, Councilor, District 2:5:Number of Winners 3:Elana Pirtle-Guiney:NON","Choice_46_1:City of Portland, Councilor, District 2:6:Number of Winners 3:Elana Pirtle-Guiney:NON","Choice_47_1:City of Portland, Councilor, District 2:1:Number of Winners 3:Will Mespelt:NON","Choice_47_1:City of Portland, Councilor, District 2:2:Number of Winners 3:Will Mespelt:NON","Choice_47_1:City of Portland, Councilor, District 2:3:Number of Winners 3:Will Mespelt:NON","Choice_47_1:City of Portland, Councilor, District 2:4:Number of Winners 3:Will Mespelt:NON","Choice_47_1:City of Portland, Councilor, District 2:5:Number of Winners 3:Will Mespelt:NON","Choice_47_1:City of Portland, Councilor, District 2:6:Number of Winners 3:Will Mespelt:NON","Choice_48_1:City of Portland, Councilor, District 2:1:Number of Winners 3:Michael (Mike) Marshall:NON","Choice_48_1:City of Portland, Councilor, District 2:2:Number of Winners 3:Michael (Mike) Marshall:NON","Choice_48_1:City of Portland, Councilor, District 2:3:Number of Winners 3:Michael (Mike) Marshall:NON","Choice_48_1:City of Portland, Councilor, District 2:4:Number of Winners 3:Michael (Mike) Marshall:NON","Choice_48_1:City of Portland, Councilor, District 2:5:Number of Winners 3:Michael (Mike) Marshall:NON","Choice_48_1:City of Portland, Councilor, District 2:6:Number of Winners 3:Michael (Mike) Marshall:NON","Choice_49_1:City of Portland, Councilor, District 2:1:Number of Winners 3:Liz Taylor:NON","Choice_49_1:City of Portland, Councilor, District 2:2:Number of Winners 3:Liz Taylor:NON","Choice_49_1:City of Portland, Councilor, District 2:3:Number of Winners 3:Liz Taylor:NON","Choice_49_1:City of Portland, Councilor, District 2:4:Number of Winners 3:Liz Taylor:NON","Choice_49_1:City of Portland, Councilor, District 2:5:Number of Winners 3:Liz Taylor:NON","Choice_49_1:City of Portland, Councilor, District 2:6:Number of Winners 3:Liz Taylor:NON","Choice_50_1:City of Portland, Councilor, District 2:1:Number of Winners 3:Jonathan Tasini:NON","Choice_50_1:City of Portland, Councilor, District 2:2:Number of Winners 3:Jonathan Tasini:NON","Choice_50_1:City of Portland, Councilor, District 2:3:Number of Winners 3:Jonathan Tasini:NON","Choice_50_1:City of Portland, Councilor, District 2:4:Number of Winners 3:Jonathan Tasini:NON","Choice_50_1:City of Portland, Councilor, District 2:5:Number of Winners 3:Jonathan Tasini:NON","Choice_50_1:City of Portland, Councilor, District 2:6:Number of Winners 3:Jonathan Tasini:NON","Choice_51_1:City of Portland, Councilor, District 2:1:Number of Winners 3:Sam Sachs:NON","Choice_51_1:City of Portland, Councilor, District 2:2:Number of Winners 3:Sam Sachs:NON","Choice_51_1:City of Portland, Councilor, District 2:3:Number of Winners 3:Sam Sachs:NON","Choice_51_1:City of Portland, Councilor, District 2:4:Number of Winners 3:Sam Sachs:NON","Choice_51_1:City of Portland, Councilor, District 2:5:Number of Winners 3:Sam Sachs:NON","Choice_51_1:City of Portland, Councilor, District 2:6:Number of Winners 3:Sam Sachs:NON","Choice_52_1:City of Portland, Councilor, District 2:1:Number of Winners 3:Bob Simril:NON","Choice_52_1:City of Portland, Councilor, District 2:2:Number of Winners 3:Bob Simril:NON","Choice_52_1:City of Portland, Councilor, District 2:3:Number of Winners 3:Bob Simril:NON","Choice_52_1:City of Portland, Councilor, District 2:4:Number of Winners 3:Bob Simril:NON","Choice_52_1:City of Portland, Councilor, District 2:5:Number of Winners 3:Bob Simril:NON","Choice_52_1:City of Portland, Councilor, District 2:6:Number of Winners 3:Bob Simril:NON","Choice_53_1:City of Portland, Councilor, District 2:1:Number of Winners 3:Laura Streib:NON","Choice_53_1:City of Portland, Councilor, District 2:2:Number of Winners 3:Laura Streib:NON","Choice_53_1:City of Portland, Councilor, District 2:3:Number of Winners 3:Laura Streib:NON","Choice_53_1:City of Portland, Councilor, District 2:4:Number of Winners 3:Laura Streib:NON","Choice_53_1:City of Portland, Councilor, District 2:5:Number of Winners 3:Laura Streib:NON","Choice_53_1:City of Portland, Councilor, District 2:6:Number of Winners 3:Laura Streib:NON","Choice_54_1:City of Portland, Councilor, District 2:1:Number of Winners 3:Mariah Hudson:NON","Choice_54_1:City of Portland, Councilor, District 2:2:Number of Winners 3:Mariah Hudson:NON","Choice_54_1:City of Portland, Councilor, District 2:3:Number of Winners 3:Mariah Hudson:NON","Choice_54_1:City of Portland, Councilor, District 2:4:Number of Winners 3:Mariah Hudson:NON","Choice_54_1:City of Portland, Councilor, District 2:5:Number of Winners 3:Mariah Hudson:NON","Choice_54_1:City of Portland, Councilor, District 2:6:Number of Winners 3:Mariah Hudson:NON","Choice_55_1:City of Portland, Councilor, District 2:1:Number of Winners 3:Dan Ryan:NON","Choice_55_1:City of Portland, Councilor, District 2:2:Number of Winners 3:Dan Ryan:NON","Choice_55_1:City of Portland, Councilor, District 2:3:Number of Winners 3:Dan Ryan:NON","Choice_55_1:City of Portland, Councilor, District 2:4:Number of Winners 3:Dan Ryan:NON","Choice_55_1:City of Portland, Councilor, District 2:5:Number of Winners 3:Dan Ryan:NON","Choice_55_1:City of Portland, Councilor, District 2:6:Number of Winners 3:Dan Ryan:NON","Choice_56_1:City of Portland, Councilor, District 2:1:Number of Winners 3:Nabil Zaghloul:NON","Choice_56_1:City of Portland, Councilor, District 2:2:Number of Winners 3:Nabil Zaghloul:NON","Choice_56_1:City of Portland, Councilor, District 2:3:Number of Winners 3:Nabil Zaghloul:NON","Choice_56_1:City of Portland, Councilor, District 2:4:Number of Winners 3:Nabil Zaghloul:NON","Choice_56_1:City of Portland, Councilor, District 2:5:Number of Winners 3:Nabil Zaghloul:NON","Choice_56_1:City of Portland, Councilor, District 2:6:Number of Winners 3:Nabil Zaghloul:NON","Choice_57_1:City of Portland, Councilor, District 2:1:Number of Winners 3:Michelle DePass:NON","Choice_57_1:City of Portland, Councilor, District 2:2:Number of Winners 3:Michelle DePass:NON","Choice_57_1:City of Portland, Councilor, District 2:3:Number of Winners 3:Michelle DePass:NON","Choice_57_1:City of Portland, Councilor, District 2:4:Number of Winners 3:Michelle DePass:NON","Choice_57_1:City of Portland, Councilor, District 2:5:Number of Winners 3:Michelle DePass:NON","Choice_57_1:City of Portland, Councilor, District 2:6:Number of Winners 3:Michelle DePass:NON","Choice_123_1:City of Portland, Councilor, District 2:1:Number of Winners 3:Write-in-123:NON","Choice_123_1:City of Portland, Councilor, District 2:2:Number of Winners 3:Write-in-123:NON","Choice_123_1:City of Portland, Councilor, District 2:3:Number of Winners 3:Write-in-123:NON","Choice_123_1:City of Portland, Councilor, District 2:4:Number of Winners 3:Write-in-123:NON","Choice_123_1:City of Portland, Councilor, District 2:5:Number of Winners 3:Write-in-123:NON","Choice_123_1:City of Portland, Councilor, District 2:6:Number of Winners 3:Write-in-123:NON","Choice_124_1:City of Portland, Councilor, District 2:1:Number of Winners 3:Write-in-124:NON","Choice_124_1:City of Portland, Councilor, District 2:2:Number of Winners 3:Write-in-124:NON","Choice_124_1:City of Portland, Councilor, District 2:3:Number of Winners 3:Write-in-124:NON","Choice_124_1:City of Portland, Councilor, District 2:4:Number of Winners 3:Write-in-124:NON","Choice_124_1:City of Portland, Councilor, District 2:5:Number of Winners 3:Write-in-124:NON","Choice_124_1:City of Portland, Councilor, District 2:6:Number of Winners 3:Write-in-124:NON","Choice_125_1:City of Portland, Councilor, District 2:1:Number of Winners 3:Write-in-125:NON","Choice_125_1:City of Portland, Councilor, District 2:2:Number of Winners 3:Write-in-125:NON","Choice_125_1:City of Portland, Councilor, District 2:3:Number of Winners 3:Write-in-125:NON","Choice_125_1:City of Portland, Councilor, District 2:4:Number of Winners 3:Write-in-125:NON","Choice_125_1:City of Portland, Councilor, District 2:5:Number of Winners 3:Write-in-125:NON","Choice_125_1:City of Portland, Councilor, District 2:6:Number of Winners 3:Write-in-125:NON","Choice_50004_1:City of Portland, Councilor, District 2:1:Number of Winners 3:Uncertified Write In:NON","Choice_50004_1:City of Portland, Councilor, District 2:2:Number of Winners 3:Uncertified Write In:NON","Choice_50004_1:City of Portland, Councilor, District 2:3:Number of Winners 3:Uncertified Write In:NON","Choice_50004_1:City of Portland, Councilor, District 2:4:Number of Winners 3:Uncertified Write In:NON","Choice_50004_1:City of Portland, Councilor, District 2:5:Number of Winners 3:Uncertified Write In:NON","Choice_50004_1:City of Portland, Councilor, District 2:6:Number of Winners 3:Uncertified Write In:NON"
9,"RCV-0001",9,"RCV-0001+10019",73,4,"4305-1","ScanStation6",0,0,0,0,0,0,0,0,0,0,0,0,0,0,0,0,0,0,0,0,0,0,0,0,0,0,0,0,0,0,0,0,1,0,0,0,0,0,0,0,0,0,0,0,0,0,0,0,0,0,0,0,0,0,0,0,0,0,0,0,0,0,0,1,0,0,0,0,0,0,0,0,0,0,0,0,0,0,0,0,0,0,0,0,0,0,0,0,1,0,0,0,0,0,0,0,0,0,0,0,0,0,0,0,0,0,0,0,0,0,0,0,0,0,0,0,0,0,0,1,0,0,0,0,0,0,0,0,0,0,0,0,0,0,0,0,0,0,0,0,0,0,0,0,0,0,0,0,0,0,0,0,0,0,0,0,0,0
10,"RCV-0001",10,"RCV-0001+10021",73,4,"4305-1","ScanStation6",0,0,0,0,0,0,0,0,0,0,0,0,0,0,0,0,0,0,0,0,0,0,0,0,0,0,0,0,0,0,0,0,1,0,0,0,0,0,0,0,0,0,0,0,0,0,0,0,0,0,0,0,0,0,0,0,0,0,0,0,0,0,0,0,0,0,0,0,0,0,0,0,0,0,0,0,0,0,0,0,0,0,0,0,0,0,0,0,0,0,0,0,0,0,0,0,0,0,0,0,0,0,0,0,0,0,0,0,0,0,0,0,0,0,0,0,0,1,0,0,0,0,0,0,1,0,0,0,0,0,0,0,0,0,0,0,0,0,0,0,0,0,0,0,0,0,0,0,0,0,0,0,0,0,0,0,0,0
11,"RCV-0001",11,"RCV-0001+10023",69,4,"3308-1","ScanStation6",0,0,1,0,0,0,0,0,0,0,0,0,0,0,0,0,0,1,0,0,0,0,0,0,0,0,0,0,0,0,0,0,0,0,0,0,0,0,0,0,0,0,0,0,0,0,1,0,0,0,0,0,0,0,0,0,0,0,0,0,0,0,0,0,0,0,0,0,0,0,0,0,0,0,0,0,0,0,0,0,0,0,0,0,0,0,0,0,0,0,0,0,0,0,0,0,0,0,0,0,0,0,0,0,0,0,0,0,0,0,0,0,0,0,0,0,0,0,0,0,0,0,0,0,0,0,0,0,0,1,0,0,0,0,0,0,0,0,0,0,0,0,0,0,0,0,0,0,0,0,0,0,0,0,0,0,0,0
12,"RCV-0001",12,"RCV-0001+10025",2,4,"4501-1","ScanStation6",0,0,0,0,0,0,0,0,0,0,0,0,0,0,0,0,1,0,0,0,0,0,0,0,0,0,0,0,0,0,0,0,0,0,0,0,0,0,0,0,0,0,0,0,0,1,0,0,0,0,0,0,0,0,0,0,0,0,0,0,0,0,0,0,0,0,0,1,0,0,0,0,0,0,0,0,0,0,0,0,0,0,0,0,0,0,0,0,0,0,1,0,0,0,0,0,0,0,0,0,0,0,0,0,0,0,0,0,0,0,0,0,0,1,0,0,1,0,0,0,0,0,0,0,0,0,0,0,0,0,0,0,0,0,0,0,0,0,0,0,0,0,0,0,0,0,0,0,0,0,0,0,0,0,0,0,0,0
36,"RCV-0001",36,"RCV-0001+10073",28,4,"4304-1","ScanStation6",0,0,0,0,0,0,0,0,0,0,0,0,0,1,0,0,0,0,0,0,0,0,0,0,0,0,0,0,0,0,0,0,0,0,0,0,0,0,0,0,0,0,0,0,0,0,0,0,0,0,0,0,0,0,0,0,1,0,0,0,0,0,0,0,0,0,0,0,0,0,0,0,0,0,0,0,0,0,0,0,0,1,0,0,0,0,0,0,0,0,0,0,0,0,0,0,0,0,0,0,1,0,0,0,0,0,0,1,0,0,0,0,0,0,0,0,0,0,0,0,0,0,0,0,0,0,0,0,0,0,0,0,1,0,0,0,0,0,0,0,0,0,0,0,0,0,0,0,0,0,0,0,0,0,0,0,0,0
40,"RCV-0001",40,"RCV-0001+10081",79,4,"4405-1","ScanStation6",0,0,0,0,0,0,0,1,0,0,0,0,0,0,1,0,0,0,0,0,0,0,0,0,0,0,0,0,0,0,0,0,0,1,0,0,0,0,0,0,0,0,0,0,0,0,0,0,0,0,0,0,0,0,0,0,0,0,0,0,0,0,0,0,1,0,0,0,0,0,0,0,0,0,0,0,0,0,0,0,0,0,0,0,0,0,0,0,0,0,1,0,0,0,0,0,0,0,0,0,0,0,0,0,0,0,0,0,0,0,0,0,0,0,0,0,0,0,0,0,0,0,0,0,0,0,0,0,0,0,0,1,0,0,0,0,0,0,0,0,0,0,0,0,0,0,0,0,0,0,0,0,0,0,0,0,0,0
49,"RCV-0001",49,"RCV-0001+10099",73,4,"4305-1","ScanStation6",0,0,0,0,0,0,0,0,0,0,0,0,0,0,1,0,0,0,0,0,0,0,0,0,0,0,0,0,0,0,0,0,0,0,0,0,0,0,0,0,0,0,0,0,0,0,0,0,0,0,0,0,0,0,0,0,0,0,0,0,0,0,0,1,0,0,0,0,0,0,0,0,0,0,0,0,0,0,0,0,0,0,0,0,0,0,0,0,0,0,0,0,0,0,0,0,0,0,0,0,0,0,0,0,0,0,0,0,0,0,0,0,0,0,0,0,0,0,1,0,0,0,0,0,0,0,0,0,0,0,0,0,0,0,0,0,0,0,0,0,0,0,0,0,0,0,0,0,0,0,0,0,0,0,0,0,0,0
61,"RCV-0001",61,"RCV-0001+10123",4,4,"4406-1","ScanStation6",0,0,0,0,0,0,0,0,0,0,0,0,0,0,0,0,0,0,0,0,0,0,0,0,0,0,0,0,0,0,0,0,0,0,0,0,0,0,0,0,0,0,0,0,0,0,0,1,0,0,0,0,0,0,0,0,0,0,0,0,0,0,0,0,0,0,0,0,0,0,0,0,0,0,0,0,0,0,0,0,0,0,0,0,0,0,0,0,0,0,0,0,0,0,0,0,0,0,0,0,0,0,0,0,0,0,0,0,0,0,0,0,1,0,0,0,1,0,0,0,0,0,0,0,0,0,0,0,0,1,0,0,0,0,0,0,0,0,0,0,0,0,0,0,0,0,0,0,0,0,0,0,0,0,0,0,0,0
62,"RCV-0001",62,"RCV-0001+10125",7,4,"4306-1","ScanStation6",0,0,0,0,0,0,0,0,0,0,0,0,0,0,0,0,0,0,0,0,0,0,0,0,0,0,0,0,0,0,0,0,0,0,0,0,0,0,0,0,0,0,0,0,0,0,1,0,0,0,0,0,0,0,0,0,0,0,0,0,0,0,0,0,0,0,0,0,0,0,0,0,0,0,0,0,0,0,0,0,0,0,0,0,0,0,0,0,0,0,0,0,0,0,0,0,0,0,0,0,0,0,0,0,0,0,0,0,0,0,0,1,0,0,0,0,1,0,0,0,0,0,0,0,0,0,0,0,0,0,0,0,0,0,0,0,0,0,0,0,0,0,0,0,0,0,0,0,0,0,0,0,0,0,0,0,0,0
63,"RCV-0001",63,"RCV-0001+10127",2,4,"4501-1","ScanStation6",0,0,0,0,0,0,0,0,0,0,0,0,0,0,0,0,0,0,0,0,0,0,0,0,0,0,0,0,0,0,0,0,0,0,0,0,0,0,0,0,0,0,0,0,0,0,0,0,0,0,0,0,0,0,0,0,0,0,0,0,0,0,0,0,0,0,0,0,0,0,0,0,0,0,0,0,0,0,0,0,0,0,0,0,0,0,0,0,0,0,0,0,0,0,0,0,0,0,0,0,0,0,0,0,0,0,0,0,0,0,0,0,0,0,0,0,1,0,0,0,0,0,0,0,0,0,0,0,0,0,0,0,0,0,0,0,0,0,0,0,0,0,0,0,0,0,0,0,0,0,0,0,0,0,0,0,0,0
67,"RCV-0001",67,"RCV-0001+10135",73,4,"4305-1","ScanStation6",0,0,0,0,0,0,0,0,0,0,0,0,0,0,1,0,0,0,0,0,0,0,1,0,0,0,0,0,0,0,0,0,0,0,0,0,0,0,0,1,0,0,0,0,0,0,0,0,0,0,0,0,0,0,0,0,0,0,0,0,0,0,0,0,0,0,0,0,0,0,0,0,0,0,0,0,0,0,0,0,0,0,0,0,0,0,0,0,0,0,0,0,0,0,0,0,0,0,0,0,0,0,0,0,0,0,0,0,0,1,0,0,0,1,0,0,0,0,0,0,1,0,0,0,0,0,0,0,0,0,0,0,0,0,0,0,0,0,0,0,0,0,0,0,0,0,0,0,0,0,0,0,0,0,0,0,0,0
75,"RCV-0001",75,"RCV-0001+10151",4,4,"4406-1","ScanStation6",0,0,0,0,0,0,0,0,0,0,0,0,1,0,0,0,0,0,0,0,0,0,0,0,0,0,0,0,0,0,0,0,0,0,0,0,0,0,0,0,0,0,0,0,0,0,0,0,0,0,0,0,0,0,0,0,0,0,0,0,0,0,0,0,0,0,0,0,0,0,1,0,0,0,0,0,0,0,0,1,0,0,0,0,0,0,0,0,0,0,0,0,0,0,0,1,0,0,0,1,0,0,0,0,0,0,0,0,0,0,0,0,0,0,0,0,1,0,0,0,0,0,0,0,0,0,0,0,0,0,0,0,0,0,0,0,0,0,0,0,0,0,0,0,0,0,0,0,0,0,0,0,0,0,0,0,0,0
81,"RCV-0001",81,"RCV-0001+10163",7,4,"4306-1","ScanStation6",0,0,0,0,0,0,0,0,0,0,0,0,0,0,0,0,0,0,0,0,0,0,0,0,0,0,0,0,0,0,0,0,1,0,0,0,0,0,0,0,0,0,0,0,0,1,0,0,0,0,0,0,0,0,0,0,0,0,0,0,0,0,0,0,1,0,0,0,0,0,0,0,0,0,0,0,0,0,0,0,0,0,0,0,0,0,0,0,0,0,0,1,0,0,0,0,0,0,0,0,0,0,0,0,0,0,0,0,0,0,0,0,0,0,1,0,0,0,0,1,0,0,0,0,0,0,0,0,0,0,0,0,0,0,0,0,0,0,0,0,0,0,0,0,0,0,0,0,0,0,0,0,0,0,0,0,0,0
87,"RCV-0001",87,"RCV-0001+10175",4,4,"4406-1","ScanStation6",-1,1,1,0,0,0,0,0,0,0,0,0,0,0,0,0,0,0,0,0,0,0,0,0,0,0,0,0,0,0,0,0,0,0,0,0,0,0,0,0,0,0,0,0,0,0,0,1,0,0,0,0,0,0,0,0,0,0,0,0,0,0,0,0,1,0,0,0,0,1,0,0,0,0,0,0,0,0,0,1,0,0,0,0,0,0,0,0,0,0,0,0,0,0,0,0,0,0,0,0,0,0,1,0,0,0,0,0,0,0,0,0,0,0,0,0,0,0,0,0,0,0,0,0,0,0,0,0,0,0,0,0,0,0,0,0,0,0,0,0,0,0,0,0,0,0,0,0,0,0,0,0,0,0,0,0,0,0
90,"RCV-0001",90,"RCV-0001+10181",79,4,"4405-1","ScanStation6",0,0,0,0,0,0,0,0,0,0,0,0,0,0,0,0,0,0,0,1,0,0,0,0,0,0,0,0,0,0,0,0,0,0,0,0,0,0,0,0,0,0,0,0,0,0,0,0,0,0,0,0,0,0,0,0,0,0,0,0,1,0,0,1,0,0,0,0,0,0,0,0,0,0,0,0,0,0,0,0,0,0,0,0,0,0,0,0,0,0,0,0,0,0,0,0,0,0,1,0,0,0,0,0,0,0,0,0,0,0,0,0,1,0,0,0,0,0,0,0,0,0,0,0,0,1,0,0,0,0,0,0,0,0,0,0,0,0,0,0,0,0,0,0,0,0,0,0,0,0,0,0,0,0,0,0,0,0
