// Vitest Snapshot v1, https://vitest.dev/guide/snapshot.html

exports[`Error Page > should match snapshot 1`] = `
<div
  class="max-w-md mx-auto py-16"
>
  <div
    class="relative w-full rounded-lg border px-4 py-3 text-sm grid has-[>svg]:grid-cols-[calc(var(--spacing)*4)_1fr] grid-cols-[0_1fr] has-[>svg]:gap-x-3 gap-y-0.5 items-start [&>svg]:size-4 [&>svg]:translate-y-0.5 text-destructive bg-card [&>svg]:text-current *:data-[slot=alert-description]:text-destructive/90"
    data-slot="alert"
    role="alert"
  >
    <svg
      aria-hidden="true"
      class="lucide lucide-circle-alert h-4 w-4"
      fill="none"
      height="24"
      stroke="currentColor"
      stroke-linecap="round"
      stroke-linejoin="round"
      stroke-width="2"
      viewBox="0 0 24 24"
      width="24"
      xmlns="http://www.w3.org/2000/svg"
    >
      <circle
        cx="12"
        cy="12"
        r="10"
      />
      <line
        x1="12"
        x2="12"
        y1="8"
        y2="12"
      />
      <line
        x1="12"
        x2="12.01"
        y1="16"
        y2="16"
      />
    </svg>
    <div
      class="col-start-2 line-clamp-1 min-h-4 font-medium tracking-tight"
      data-slot="alert-title"
    >
      Something went wrong!
    </div>
    <div
      class="-foreground col-start-2 grid justify-items-start gap-1 text-sm [&_p]:leading-relaxed mt-2"
      data-slot="alert-description"
    >
      An unexpected error occurred while loading this page.
      <details
        class="mt-2"
      >
        <summary
          class="cursor-pointer text-sm font-medium"
        >
          Error details (development only)
        </summary>
        <code
          class="text-xs mt-1 block p-2 bg-muted rounded"
        >
          Test error message
        </code>
      </details>
    </div>
  </div>
  <div
    class="mt-6 flex gap-3 justify-center"
  >
    <button
      class="inline-flex items-center justify-center gap-2 whitespace-nowrap rounded-md text-sm font-medium transition-all disabled:pointer-events-none disabled:opacity-50 [&_svg]:pointer-events-none [&_svg:not([class*='size-'])]:size-4 shrink-0 [&_svg]:shrink-0 outline-none focus-visible:border-ring focus-visible:ring-ring/50 focus-visible:ring-[3px] aria-invalid:ring-destructive/20 dark:aria-invalid:ring-destructive/40 aria-invalid:border-destructive bg-primary text-primary-foreground shadow-xs hover:bg-primary/90 h-9 px-4 py-2 has-[>svg]:px-3"
      data-slot="button"
    >
      Try again
    </button>
    <a
      class="inline-flex items-center justify-center gap-2 whitespace-nowrap rounded-md text-sm font-medium transition-all disabled:pointer-events-none disabled:opacity-50 [&_svg]:pointer-events-none [&_svg:not([class*='size-'])]:size-4 shrink-0 [&_svg]:shrink-0 outline-none focus-visible:border-ring focus-visible:ring-ring/50 focus-visible:ring-[3px] aria-invalid:ring-destructive/20 dark:aria-invalid:ring-destructive/40 aria-invalid:border-destructive border bg-background shadow-xs hover:bg-accent hover:text-accent-foreground dark:bg-input/30 dark:border-input dark:hover:bg-input/50 h-9 px-4 py-2 has-[>svg]:px-3"
      data-slot="button"
      href="/e"
    >
      Browse Elections
    </a>
  </div>
</div>
`;
